// Jest Snapshot v1, https://goo.gl/fbAQLP

exports[`DatePicker should render correctly 1`] = `
<div
  data-test-id="theme-wrapper"
>
  <Styled(PickerWithState) />
</div>
`;
