// Jest Snapshot v1, https://goo.gl/fbAQLP

exports[`Slug should render Slug correctly 1`] = `
<WithStyles(WithStyles(ForwardRef(TextField)))
  fullWidth={true}
  label="Slug"
  onChange={[Function]}
  value="slug"
  variant="outlined"
/>
`;
