// Jest Snapshot v1, https://goo.gl/fbAQLP

exports[`PageSwitch Container should render Container with no error 1`] = `
<Styled(div)>
  <div
    className="div-root-1 div-root-2"
  />
</Styled(div)>
`;
