// Jest Snapshot v1, https://goo.gl/fbAQLP

exports[`Dashboard should render Dashboard with no error 1`] = `
<div>
  <h2>
     Dashboard
  </h2>
</div>
`;
